============================= test session starts =============================
platform win32 -- Python 3.12.1, pytest-9.0.2, pluggy-1.6.0 -- C:\Program Files\Python312\python.exe
cachedir: .pytest_cache
rootdir: D:\DIVY\webDev\Projects\JiraForReckon
plugins: anyio-4.9.0, langsmith-0.7.17
collecting ... collected 12 items

tests/test_agents.py::TestRetrieverAgent::test_invalid_pr_url PASSED     [  8%]
tests/test_agents.py::TestRetrieverAgent::test_mock_fallback_when_no_credentials PASSED [ 16%]
tests/test_agents.py::TestRetrieverAgent::test_pr_url_parsing PASSED     [ 25%]
tests/test_agents.py::TestParserAgent::test_handles_json_in_markdown PASSED [ 33%]
tests/test_agents.py::TestParserAgent::test_requirement_extraction PASSED [ 41%]
tests/test_agents.py::TestEvaluatorAgent::test_evaluation_with_evidence FAILED [ 50%]
tests/test_agents.py::TestSynthesisAgent::test_all_pass_verdict PASSED   [ 58%]
tests/test_agents.py::TestSynthesisAgent::test_any_fail_yields_fail PASSED [ 66%]
tests/test_agents.py::TestSynthesisAgent::test_confidence_score_range PASSED [ 75%]
tests/test_agents.py::TestSynthesisAgent::test_empty_requirements PASSED [ 83%]
tests/test_agents.py::TestSynthesisAgent::test_partial_verdict PASSED    [ 91%]
tests/test_agents.py::TestOrchestrator::test_full_pipeline_mock PASSED   [100%]

================================== FAILURES ===================================
______________ TestEvaluatorAgent.test_evaluation_with_evidence _______________

self = <tests.test_agents.TestEvaluatorAgent testMethod=test_evaluation_with_evidence>
mock_gemini = <MagicMock name='call_gemini' id='2522135454080'>

    @patch("src.agents.evaluator.call_gemini")
    def test_evaluation_with_evidence(self, mock_gemini):
        """Should evaluate requirements and populate traceability map."""
>       mock_gemini.return_value = json.dumps([{
                                   ^^^^
            "id": "REQ-1",
            "verdict": "Pass",
            "reasoning": "Found the endpoint.",
            "evidence": [{"file": "src/main.py", "lines": "L10-L15", "snippet": "app.post(...)"}]
        }])
E       UnboundLocalError: cannot access local variable 'json' where it is not associated with a value

tests\test_agents.py:133: UnboundLocalError
=========================== short test summary info ===========================
FAILED tests/test_agents.py::TestEvaluatorAgent::test_evaluation_with_evidence
======================== 1 failed, 11 passed in 1.41s =========================
